PASS: harness preflight complete
DRY RUN: no install, app launch, helper registration, or runtime mutation performed
PASS: harness preflight complete
install-helper-pid=98108
install-helper-executable=/private/tmp/zoid-666-zc034011-fast-install/Zoid 666 QA E2E.app/Contents/MacOS/ZoidCoachAgentQA
install-app-pid=98110
install-helper-pid=98108
PASS: harness preflight complete
install-helper-pid=1621
install-helper-executable=/private/tmp/zoid-666-zc034011-fast-install/Zoid 666 QA E2E.app/Contents/MacOS/ZoidCoachAgentQA
install-app-pid=1623
install-helper-pid=1621
PASS: harness preflight complete
install-helper-pid=5307
install-helper-executable=/private/tmp/zoid-666-zc034011-fast-install/Zoid 666 QA E2E.app/Contents/MacOS/ZoidCoachAgentQA
install-app-pid=5323
install-helper-pid=5307
success-migration-helper-pid=5425
success-migration-helper-executable=/private/tmp/zoid-666-zc034011-fast-install/Zoid 666 QA E2E.app/Contents/MacOS/ZoidCoachAgentQA
success-final-helper-pid=5588
success-final-helper-executable=/private/tmp/zoid-666-zc034011-fast-install/Zoid 666 QA E2E.app/Contents/MacOS/ZoidCoachAgentQA
